<html>
<body>
<pre>
<h1>µVision Build Log</h1>
<h2>Project:</h2>
C:\Users\xxl\git\STM32Power\MDK\PowerV7.uvproj
Project File Date:  02/18/2017

<h2>Output:</h2>
Build target 'PowerV7'
compiling main.c...
compiling stm32f0xx_it.c...
compiling CBuff.C...
compiling pp_buff.c...
compiling power.c...
d:\Program Files\Keil\ARM\CMSIS\Include\arm_math.h(280): error:  #5: cannot open source input file "ARMCM4.h": No such file or directory
compiling uart.C...
compiling system_stm32f0xx.c...
assembling startup_stm32f030.s...
compiling stm32f0xx_wwdg.c...
compiling stm32f0xx_adc.c...
compiling stm32f0xx_can.c...
compiling stm32f0xx_cec.c...
compiling stm32f0xx_comp.c...
compiling stm32f0xx_crc.c...
compiling stm32f0xx_crs.c...
compiling stm32f0xx_dac.c...
compiling stm32f0xx_dbgmcu.c...
compiling stm32f0xx_dma.c...
compiling stm32f0xx_exti.c...
compiling stm32f0xx_flash.c...
compiling stm32f0xx_gpio.c...
compiling stm32f0xx_i2c.c...
compiling stm32f0xx_iwdg.c...
compiling stm32f0xx_misc.c...
compiling stm32f0xx_pwr.c...
compiling stm32f0xx_rcc.c...
compiling stm32f0xx_rtc.c...
compiling stm32f0xx_spi.c...
compiling stm32f0xx_syscfg.c...
compiling stm32f0xx_tim.c...
compiling stm32f0xx_usart.c...
".\OUT\PowerV7.axf" - 1 Errors, 0 Warning(s).
Target not created
Build target 'PowerV7'
compiling power.c...
linking...
Program Size: Code=10784 RO-data=212 RW-data=44 ZI-data=1060  
".\OUT\PowerV7.axf" - 0 Errors, 0 Warning(s).
